Enter password: ********
Welcome to the MySQL monitor.  Commands end with ; or \g.
Your MySQL connection id is 607
Server version: 8.1.0 MySQL Community Server - GPL

Copyright (c) 2000, 2023, Oracle and/or its affiliates.

Oracle is a registered trademark of Oracle Corporation and/or its
affiliates. Other names may be trademarks of their respective
owners.

Type 'help;' or '\h' for help. Type '\c' to clear the current input statement.

mysql> use quitanda/
ERROR 1049 (42000): Unknown database 'quitanda/'
mysql> use quitanda;
Database changed
mysql> select * from log;
+----+------------------------------------------+
| id | assunto                                  |
+----+------------------------------------------+
|  1 | Inserção de dados realizada com sucesso. |
+----+------------------------------------------+
1 row in set (0.00 sec)

mysql> select * from log;
+----+------------------------------------------+
| id | assunto                                  |
+----+------------------------------------------+
|  1 | Inserção de dados realizada com sucesso. |
|  2 | Inserção de dados realizada com sucesso. |
+----+------------------------------------------+
2 rows in set (0.00 sec)

mysql> drop trigger log;
Query OK, 0 rows affected (0.01 sec)

mysql> delimiter $
mysql> create trigger log after insert
    -> on frutas
    -> for each row
    -> begin
    -> insert into log (assunto) values ("Inserção realizada.");
    -> end$
Query OK, 0 rows affected (0.01 sec)

mysql> delimiter;
    -> \c
mysql> select * from log;
    -> end;
    -> \c
mysql> select * from log;
    ->
